// Jest Snapshot v1, https://goo.gl/fbAQLP

exports[`scripts/ledger/update-transactions update hostFeePercent when it does not exists yet 1`] = `
"
| kind         | type   | amount | To                       | From                     | Host               |
| ------------ | ------ | ------ | ------------------------ | ------------------------ | ------------------ |
| HOST_FEE     | CREDIT | 100    | Test Host 9df55c86       | Test Collective 70363666 | Test Host 9df55c86 |
| HOST_FEE     | DEBIT  | -100   | Test Collective 70363666 | Test Host 9df55c86       | Test Host 639f11a2 |
| CONTRIBUTION | CREDIT | 500    | Test Collective 70363666 | Test Collective af486657 | NULL               |
| CONTRIBUTION | DEBIT  | -500   | Test Collective af486657 | Test Collective 70363666 | Test Host 9df55c86 |"
`;
