// Jest Snapshot v1, https://goo.gl/fbAQLP

exports[`scripts/ledger/update-transactions update hostFeePercent when it does not exists yet 1`] = `
"
| kind         | type   | amount | To                       | From                     | Host               |
| ------------ | ------ | ------ | ------------------------ | ------------------------ | ------------------ |
| HOST_FEE     | CREDIT | 100    | Test Host a7a188ca       | Test Collective bbe279cb | Test Host a7a188ca |
| HOST_FEE     | DEBIT  | -100   | Test Collective bbe279cb | Test Host a7a188ca       | Test Host d461f8ee |
| CONTRIBUTION | CREDIT | 500    | Test Collective bbe279cb | Test Collective 3d10f256 | NULL               |
| CONTRIBUTION | DEBIT  | -500   | Test Collective 3d10f256 | Test Collective bbe279cb | Test Host a7a188ca |"
`;
