// Jest Snapshot v1, https://goo.gl/fbAQLP

exports[`server/lib/payments-legacy createRefundTransaction should not create payment processor fee cover for contribution to the host itself 1`] = `
"
| kind         | type   | isRefund | isDebt | From | To   | Host | amount | currency | platformFee | paymentFee | Settlement | description                                 |
| ------------ | ------ | -------- | ------ | ---- | ---- | ---- | ------ | -------- | ----------- | ---------- | ---------- | ------------------------------------------- |
| CONTRIBUTION | DEBIT  | false    | false  | Host | User | NULL | -4825  | USD      | 0           | -175       |            | Contribution to Open Collective             |
| CONTRIBUTION | CREDIT | false    | false  | User | Host | Host | 5000   | USD      | 0           | -175       |            | Contribution to Open Collective             |
| CONTRIBUTION | DEBIT  | true     | false  | User | Host | Host | -5000  | USD      | 0           | 0          |            | Refund of \\"Contribution to Open Collective\\" |
| CONTRIBUTION | CREDIT | true     | false  | Host | User | NULL | 5000   | USD      | 0           | 0          |            | Refund of \\"Contribution to Open Collective\\" |"
`;

exports[`server/lib/payments-legacy createRefundTransaction should refund platform fees on top when refunding original transaction 1`] = `
"
| kind                    | type   | isRefund | isDebt | From            | To              | Host            | amount | currency | platformFee | paymentFee | Settlement | description                                            |
| ----------------------- | ------ | -------- | ------ | --------------- | --------------- | --------------- | ------ | -------- | ----------- | ---------- | ---------- | ------------------------------------------------------ |
| PLATFORM_TIP            | DEBIT  | false    | false  | Open Collective | User            | NULL            | -500   | USD      | 0           | 0          |            | Financial contribution to Open Collective              |
| PLATFORM_TIP            | CREDIT | false    | false  | User            | Open Collective | Open Collective | 500    | USD      | 0           | 0          |            | Financial contribution to Open Collective              |
| PLATFORM_TIP_DEBT       | DEBIT  | false    | true   | Host            | Open Collective | Open Collective | -500   | USD      | 0           | 0          |            | Platform Tip collected for Open Collective             |
| PLATFORM_TIP_DEBT       | CREDIT | false    | true   | Open Collective | Host            | Host            | 500    | USD      | 0           | 0          |            | Platform Tip collected for Open Collective             |
| HOST_FEE                | DEBIT  | false    | false  | Host            | Collective      | Host            | -250   | USD      | 0           | 0          |            | Host Fee                                               |
| HOST_FEE                | CREDIT | false    | false  | Collective      | Host            | Host            | 250    | USD      | 0           | 0          |            | Host Fee                                               |
| CONTRIBUTION            | DEBIT  | false    | false  | Collective      | User            | NULL            | -4325  | USD      | 0           | -175       |            | Monthly subscription to Webpack                        |
| CONTRIBUTION            | CREDIT | false    | false  | User            | Collective      | Host            | 4500   | USD      | 0           | -175       |            | Monthly subscription to Webpack                        |
| PLATFORM_TIP            | DEBIT  | true     | false  | User            | Open Collective | Open Collective | -500   | USD      | 0           | 0          |            | Refund of \\"Financial contribution to Open Collective\\"  |
| PLATFORM_TIP            | CREDIT | true     | false  | Open Collective | User            | NULL            | 500    | USD      | 0           | 0          |            | Refund of \\"Financial contribution to Open Collective\\"  |
| PLATFORM_TIP_DEBT       | DEBIT  | true     | true   | Open Collective | Host            | Host            | -500   | USD      | 0           | 0          |            | Refund of \\"Platform Tip collected for Open Collective\\" |
| PLATFORM_TIP_DEBT       | CREDIT | true     | true   | Host            | Open Collective | Open Collective | 500    | USD      | 0           | 0          |            | Refund of \\"Platform Tip collected for Open Collective\\" |
| PAYMENT_PROCESSOR_COVER | DEBIT  | true     | false  | Collective      | Host            | Host            | -175   | USD      | 0           | 0          |            | Cover of payment processor fee for refund              |
| PAYMENT_PROCESSOR_COVER | CREDIT | true     | false  | Host            | Collective      | Host            | 175    | USD      | 0           | 0          |            | Cover of payment processor fee for refund              |
| HOST_FEE                | DEBIT  | true     | false  | Collective      | Host            | Host            | -250   | USD      | 0           | 0          |            | Refund of \\"Host Fee\\"                                   |
| HOST_FEE                | CREDIT | true     | false  | Host            | Collective      | Host            | 250    | USD      | 0           | 0          |            | Refund of \\"Host Fee\\"                                   |
| CONTRIBUTION            | DEBIT  | true     | false  | User            | Collective      | Host            | -4500  | USD      | 0           | 0          |            | Refund of \\"Monthly subscription to Webpack\\"            |
| CONTRIBUTION            | CREDIT | true     | false  | Collective      | User            | NULL            | 4500   | USD      | 0           | 0          |            | Refund of \\"Monthly subscription to Webpack\\"            |"
`;
