// Jest Snapshot v1, https://goo.gl/fbAQLP

exports[`submit-platform-subscription-bills should submit Expenses for active subscriptions 1`] = `
"
| id | type             | CollectiveId | description                                       | amount | currency |
| -- | ---------------- | ------------ | ------------------------------------------------- | ------ | -------- |
| 4  | PLATFORM_BILLING | 22           | Platform subscription payment for September, 2023 | 70500  | USD      |
| 3  | PLATFORM_BILLING | 18           | Platform subscription payment for September, 2023 | 16000  | USD      |
| 2  | PLATFORM_BILLING | 14           | Platform subscription payment for September, 2023 | 8000   | USD      |
| 1  | PLATFORM_BILLING | 10           | Platform subscription payment for September, 2023 | 4000   | USD      |"
`;

exports[`submit-platform-subscription-bills should submit Expenses for active subscriptions 2`] = `
"
| ExpenseId | description                                                | amount | currency |
| --------- | ---------------------------------------------------------- | ------ | -------- |
| 4         | Additional Paid Expenses Utilization: 180                  | 27000  | USD      |
| 4         | Additional Active Collective Utilization: 25               | 37500  | USD      |
| 4         | Base subscription Basic 5 - 01-Sep-2023 to 30-Sep-2023     | 6000   | USD      |
| 3         | Base subscription Discover 20 - 01-Sep-2023 to 30-Sep-2023 | 16000  | USD      |
| 2         | Base subscription Discover 10 - 01-Sep-2023 to 30-Sep-2023 | 8000   | USD      |
| 1         | Base subscription Discover 5 - 01-Sep-2023 to 30-Sep-2023  | 4000   | USD      |"
`;
